// Jest Snapshot v1, https://goo.gl/fbAQLP

exports[`button matches snapshot 1`] = `
<a
  className="btn btn-primary m-3"
  href="test"
>
  Hello
</a>
`;
